// Jest Snapshot v1, https://goo.gl/fbAQLP

exports[`Tree Log should match snapshot for output 1`] = `
"├─1 
│ ├─2 
│ ├─2.1 1, /a/g, 01/1/1970 0:00:0:0
│ │ ├─3 
│ │ ├─3.1 3, false, [\\"a\\", \\"b\\", true]
│ │ └─3.2 3, true
│ └─2.2 4, { x: 1 }
├─1.1 4, null, undefined
│ ├─2 
│ └─2.1 6, { x: 1, y: 2, w: { z: [1, 2, true] } }
└─1.3 6"
`;
